// Jest Snapshot v1, https://goo.gl/fbAQLP

exports[`SeedInput snapshot should match 1`] = `
<input
  className="ant-input"
  name="SeedInputForm"
  onBlur={[Function]}
  onChange={[Function]}
  onFocus={[Function]}
  onKeyDown={[Function]}
  placeholder="Random"
  type="text"
  value=""
/>
`;
